{
  "version": "1.5.0",
  "plugins_used": [
    {
      "name": "ArtifactoryDetector"
    },
    {
      "name": "AWSKeyDetector"
    },
    {
      "name": "AzureStorageKeyDetector"
    },
    {
      "name": "Base64HighEntropyString",
      "limit": 4.5
    },
    {
      "name": "BasicAuthDetector"
    },
    {
      "name": "CloudantDetector"
    },
    {
      "name": "DiscordBotTokenDetector"
    },
    {
      "name": "GitHubTokenDetector"
    },
    {
      "name": "GitLabTokenDetector"
    },
    {
      "name": "HexHighEntropyString",
      "limit": 3.0
    },
    {
      "name": "IbmCloudIamDetector"
    },
    {
      "name": "IbmCosHmacDetector"
    },
    {
      "name": "IPPublicDetector"
    },
    {
      "name": "JwtTokenDetector"
    },
    {
      "name": "KeywordDetector",
      "keyword_exclude": ""
    },
    {
      "name": "MailchimpDetector"
    },
    {
      "name": "NpmDetector"
    },
    {
      "name": "OpenAIDetector"
    },
    {
      "name": "PrivateKeyDetector"
    },
    {
      "name": "PypiTokenDetector"
    },
    {
      "name": "SendGridDetector"
    },
    {
      "name": "SlackDetector"
    },
    {
      "name": "SoftlayerDetector"
    },
    {
      "name": "SquareOAuthDetector"
    },
    {
      "name": "StripeDetector"
    },
    {
      "name": "TelegramBotTokenDetector"
    },
    {
      "name": "TwilioKeyDetector"
    }
  ],
  "filters_used": [
    {
      "path": "detect_secrets.filters.allowlist.allowlist_regexes",
      "name": "AllowlistRegexes"
    },
    {
      "path": "detect_secrets.filters.common.is_baseline_file",
      "filename": ".secrets.baseline"
    },
    {
      "path": "detect_secrets.filters.common.is_ignored_due_to_verification_policies",
      "min_level": 2
    },
    {
      "path": "detect_secrets.filters.common_variations",
      "name": "CommonVariations"
    },
    {
      "path": "detect_secrets.filters.does_sequence_have_long_limited_values",
      "name": "DoesSequenceHaveLongLimitedValues"
    },
    {
      "path": "detect_secrets.filters.heuristic.is_invalid_file",
      "name": "ExcludeKnownInvalidFiles"
    },
    {
      "path": "detect_secrets.filters.heuristic.is_likely_id_string",
      "name": "IsLikelyIdString"
    },
    {
      "path": "detect_secrets.filters.heuristic.is_sequential_string",
      "name": "IsSequentialString"
    },
    {
      "path": "detect_secrets.filters.regex_based",
      "name": "RegexBasedDetector"
    }
  ],
  "results": {
    "Dockerfile": [
      {
        "type": "Public IP (ipv4)",
        "filename": "Dockerfile",
        "hashed_secret": "e562f69ec36e625116376f376d991e41613e9bf3",
        "is_verified": false,
        "line_number": 33
      }
    ],
    "Jenkinsfile": [
      {
        "type": "Secret Keyword",
        "filename": "Jenkinsfile",
        "hashed_secret": "ee977806d7286510da8b9a7492ba58e2484c0ecc",
        "is_verified": false,
        "line_number": 56
      },
      {
        "type": "Secret Keyword",
        "filename": "Jenkinsfile",
        "hashed_secret": "63a44288bbb1b64f3775188f8ad7547a84e69dcf",
        "is_verified": false,
        "line_number": 169
      },
      {
        "type": "Secret Keyword",
        "filename": "Jenkinsfile",
        "hashed_secret": "1862f0bf1dca93d3a5f3554c9421030bc014bfb2",
        "is_verified": false,
        "line_number": 170
      }
    ],
    "deployments/keycloak/events-player-realm-export.json": [
      {
        "type": "Secret Keyword",
        "filename": "deployments/keycloak/events-player-realm-export.json",
        "hashed_secret": "a0e8614cccdef63b87397f1146d0754c8d6f1466",
        "is_verified": false,
        "line_number": 113
      }
    ],
    "docs/authentication.md": [
      {
        "type": "Secret Keyword",
        "filename": "docs/authentication.md",
        "hashed_secret": "f865b53623b121fd34ee5426c792e5c33af8c227",
        "is_verified": false,
        "line_number": 423
      },
      {
        "type": "Secret Keyword",
        "filename": "docs/authentication.md",
        "hashed_secret": "4aed7fb4eed446796c59ab3fd911e359f063ec83",
        "is_verified": false,
        "line_number": 435
      },
      {
        "type": "Secret Keyword",
        "filename": "docs/authentication.md",
        "hashed_secret": "95c946bf622ef93b0a211cd0fd028dfdfcf7e39e",
        "is_verified": false,
        "line_number": 447
      }
    ],
    "docs/deployment.md": [
      {
        "type": "Public IP (ipv4)",
        "filename": "docs/deployment.md",
        "hashed_secret": "e562f69ec36e625116376f376d991e41613e9bf3",
        "is_verified": false,
        "line_number": 341
      }
    ],
    "docs/installation.md": [
      {
        "type": "Public IP (ipv4)",
        "filename": "docs/installation.md",
        "hashed_secret": "e562f69ec36e625116376f376d991e41613e9bf3",
        "is_verified": false,
        "line_number": 172
      }
    ],
    "docs/rbac-guide.md": [
      {
        "type": "Secret Keyword",
        "filename": "docs/rbac-guide.md",
        "hashed_secret": "a0e8614cccdef63b87397f1146d0754c8d6f1466",
        "is_verified": false,
        "line_number": 123
      }
    ],
    "notes/DOCKER_RUN_GUIDE.md": [
      {
        "type": "Public IP (ipv4)",
        "filename": "notes/DOCKER_RUN_GUIDE.md",
        "hashed_secret": "89db4e96b3ec5d958c214c6411f6fdc0cecbd0e6",
        "is_verified": false,
        "line_number": 30
      }
    ],
    "notes/OAUTH_IMPLEMENTATION_GUIDE.md": [
      {
        "type": "Secret Keyword",
        "filename": "notes/OAUTH_IMPLEMENTATION_GUIDE.md",
        "hashed_secret": "f865b53623b121fd34ee5426c792e5c33af8c227",
        "is_verified": false,
        "line_number": 405
      }
    ],
    "notes/PERFORMANCE_CONCERNS.md": [
      {
        "type": "Public IP (ipv4)",
        "filename": "notes/PERFORMANCE_CONCERNS.md",
        "hashed_secret": "e562f69ec36e625116376f376d991e41613e9bf3",
        "is_verified": false,
        "line_number": 57
      }
    ],
    "notes/UVICORN_UPGRADE.md": [
      {
        "type": "Public IP (ipv4)",
        "filename": "notes/UVICORN_UPGRADE.md",
        "hashed_secret": "e562f69ec36e625116376f376d991e41613e9bf3",
        "is_verified": false,
        "line_number": 38
      },
      {
        "type": "Public IP (ipv4)",
        "filename": "notes/UVICORN_UPGRADE.md",
        "hashed_secret": "f8f6724a75e9bb89ff6f9d753e5cb99af57b4448",
        "is_verified": false,
        "line_number": 38
      }
    ],
    "tests/test_boolean_fix.py": [
      {
        "type": "Hex High Entropy String",
        "filename": "tests/test_boolean_fix.py",
        "hashed_secret": "b94f3bac0fab7dd29c977647fe701f85ab83850e",
        "is_verified": false,
        "line_number": 36
      }
    ]
  },
  "generated_at": "2025-11-28T13:49:59Z"
}
